
commit c4454fd58d769d8efa3464f0f7e7597fd309d9d7
Author: Alex Masabanda <alex.dario_1991@hotmail.com>
Date:   Fri Dec 4 19:16:42 2020 +0100

    Añadida respuesta ejercicio 1.4

commit b79c7ba1a5c71fc30ef8de370fdd12c40e316a8a (origin/main, origin/HEAD)
Author: Carlos González Sánchez <carlosgs.iesquevedo@gmail.com>
Date:   Fri Dec 4 11:11:30 2020 +0100

    Update .gitignore

    Ignorar ficheros de IntelliJ y MacOS

commit 7b39baf748c6a994c95cdb9df0eba4b586319a14
Author: Carlos González Sánchez <carlosgs.iesquevedo@gmail.com>
Date:   Fri Dec 4 11:03:21 2020 +0100

    Initial commit

alexd@WORKSTATION MINGW64 ~/Desktop/examen/examen-MASABANDA-TITUANA/entornos1T/respuestas (main)
$ git tag -a MASABANDA-TITUANA-paso5 c4454fd -m "etiqueta de commit"





alexd@WORKSTATION MINGW64 ~/Desktop/examen/examen-MASABANDA-TITUANA/entornos1T/respuestas (MASABANDA-TITUANA)
$ git checkout main
Switched to branch 'main'
Your branch is ahead of 'origin/main' by 2 commits.
  (use "git push" to publish your local commits)

alexd@WORKSTATION MINGW64 ~/Desktop/examen/examen-MASABANDA-TITUANA/entornos1T/respuestas (main)
$ git branch
  MASABANDA-TITUANA
* main

alexd@WORKSTATION MINGW64 ~/Desktop/examen/examen-MASABANDA-TITUANA/entornos1T/respuestas (main)
$ ls
ejercicio.4..txt  ejercicio.6..txt

alexd@WORKSTATION MINGW64 ~/Desktop/examen/examen-MASABANDA-TITUANA/entornos1T/respuestas (main)
$ git merge MASABANDA-TITUANA
Updating 1d078bb..dffcc53
Fast-forward
 respuestas/ejercicio.4..txt | 22 +++++++++-------------
 1 file changed, 9 insertions(+), 13 deletions(-)

alexd@WORKSTATION MINGW64 ~/Desktop/examen/examen-MASABANDA-TITUANA/entornos1T/respuestas (main)
$
